============================= test session starts =============================
platform win32 -- Python 3.13.2, pytest-8.3.5, pluggy-1.5.0 -- C:\Program Files\Python313\python.exe
cachedir: .pytest_cache
rootdir: C:\Users\Puneeth G B\Desktop\PyFinQuant-1
configfile: pyproject.toml
plugins: cov-6.1.1
